producer_class	xtools.gsea.Gsea
producer_timestamp	1575495673611
param	zip_report	false
param	num	100
param	scoring_scheme	weighted
param	norm	meandiv
param	out	C:\Users\user\Documents\Máster Big Data\Trabajo Fin de Máster\Proyecto
param	mode	Max_probe
param	include_only_symbols	true
param	set_max	500
param	gmx	ftp.broadinstitute.org://pub/gsea/gene_sets/c2.all.v7.0.symbols.gmt,ftp.broadinstitute.org://pub/gsea/gene_sets/c5.all.v7.0.symbols.gmt,ftp.broadinstitute.org://pub/gsea/gene_sets/c6.all.v7.0.symbols.gmt,ftp.broadinstitute.org://pub/gsea/gene_sets/c7.all.v7.0.symbols.gmt
param	plot_top_x	20
param	nperm	1000
param	order	descending
param	rpt_label	MCL
param	rnd_seed	timestamp
param	set_min	15
param	res	C:\Users\user\Documents\Máster Big Data\Trabajo Fin de Máster\Proyecto\data\MCL_GSEA.txt
param	chip	ftp.broadinstitute.org://pub/gsea/annotations_versioned/Human_AFFY_HG_U133_MSigDB.v7.0.chip
param	create_svgs	false
param	cls	C:\Users\user\gsea_home\output\dec04\208712_at_profile_in_MCL_GSEA.cls#208712_at
param	sort	real
param	create_gcts	false
param	help	false
param	save_rnd_lists	false
param	median	false
param	metric	Pearson
param	make_sets	true
param	rnd_type	no_balance
param	gui	false
param	permute	phenotype
param	collapse	Collapse

file	C:\Users\user\Documents\Máster Big Data\Trabajo Fin de Máster\Proyecto\MCL.Gsea.1575495673611\index.html
